// Jest Snapshot v1, https://goo.gl/fbAQLP

exports[`should render LoginPage correctly 1`] = `
<div>
  <button
    action="post"
    type="submit"
  >
    LOGIN
  </button>
</div>
`;
